// Jest Snapshot v1, https://goo.gl/fbAQLP

exports[`Ingredients component render should render a checkbox group form field component 1`] = `
<FieldWrapper>
  <FormField
    isFieldArray={true}
    label="Please select your desired toppings (maximum 2)"
    list={
      Array [
        Object {
          "name": "option 1",
          "value": 1,
        },
        Object {
          "name": "option 2",
          "value": 2,
        },
        Object {
          "name": "option 3",
          "value": 3,
        },
      ]
    }
    maxAllowed={2}
    name="toppings"
    type="checkbox_group"
  />
</FieldWrapper>
`;
