// Jest Snapshot v1, https://goo.gl/fbAQLP

exports[`Sizes component render should render a select form field component 1`] = `
<FormField
  label="Please select your desired size"
  name="size"
  options={
    Array [
      "option 1",
      "option 2",
      "option 3",
      "option 4",
    ]
  }
  placeholder="Select pizza size"
  type="select"
/>
`;
