// Jest Snapshot v1, https://goo.gl/fbAQLP

exports[`FormField component render should render a CheckboxGroupField component if type prop value is checkbox_group 1`] = `
<FormikConnect(FieldInner)
  component={[Function]}
  list={
    Array [
      Object {
        "value": 1,
      },
      Object {
        "value": 2,
      },
      Object {
        "value": 3,
      },
    ]
  }
  type="checkbox_group"
/>
`;

exports[`FormField component render should render a SelectField component if type prop value is select 1`] = `
<FormikConnect(FieldInner)
  component={[Function]}
  options={
    Array [
      "option 1",
      "option 2",
      "option 3",
    ]
  }
  type="select"
/>
`;

exports[`FormField component render should render a TextField component if type prop value is text 1`] = `
<FormikConnect(FieldInner)
  component={[Function]}
  type="text"
/>
`;

exports[`FormField component render should render a TextField component if type prop value is undefined 1`] = `
<FormikConnect(FieldInner)
  component={[Function]}
  type="text"
/>
`;
